../Core/Src/main.c:69:6:gana1	48	static
../Core/Src/main.c:97:6:gana2	48	static
../Core/Src/main.c:125:6:jagu1	8	static
../Core/Src/main.c:165:6:jagu2	8	static
../Core/Src/main.c:212:5:main	8	static
../Core/Src/main.c:300:6:SystemClock_Config	88	static
../Core/Src/main.c:348:13:MX_USART2_UART_Init	8	static
../Core/Src/main.c:381:13:MX_GPIO_Init	48	static
../Core/Src/main.c:455:6:HAL_GPIO_EXTI_Callback	16	static
../Core/Src/main.c:475:6:HAL_UART_RxCpltCallback	16	static
../Core/Src/main.c:491:6:Error_Handler	4	static,ignoring_inline_asm
